#2026 06 08 19:14:04.555#Z#DEBUG#1d9878e4-636e-11f1-a12f-eeee0a99901e.poapp-srv#flowable-async-job-executor-thread-13128#
[PollStartAppStatusExecution] 1d21af92-b55b-4693-9a57-684f3d32d5d6 [2026-06-08T19:13:35.252672] Updated app with guid 1d21af92-b55b-4693-9a57-684f3d32d5d6 ({"lifecycle"=>{"data"=>{"buildpacks"=>["nodejs_buildpack"]}, "type"=>"buildpack"}}) (STDOUT, API)#
#2026 06 08 19:14:04.555#Z#DEBUG#1d9878e4-636e-11f1-a12f-eeee0a99901e.poapp-srv#flowable-async-job-executor-thread-13128#
[PollStartAppStatusExecution] 1d21af92-b55b-4693-9a57-684f3d32d5d6 [2026-06-08T19:13:35.355456] Updating process: "web" (STDOUT, API)#
#2026 06 08 19:14:04.555#Z#DEBUG#1d9878e4-636e-11f1-a12f-eeee0a99901e.poapp-srv#flowable-async-job-executor-thread-13128#
[PollStartAppStatusExecution] 1d21af92-b55b-4693-9a57-684f3d32d5d6 [2026-06-08T19:13:55.798001] Stopping app with guid 1d21af92-b55b-4693-9a57-684f3d32d5d6 (STDOUT, API)#
#2026 06 08 19:14:04.555#Z#DEBUG#1d9878e4-636e-11f1-a12f-eeee0a99901e.poapp-srv#flowable-async-job-executor-thread-13128#
[PollStartAppStatusExecution] 1d21af92-b55b-4693-9a57-684f3d32d5d6 [2026-06-08T19:13:55.833193] Cell 684caff8-89cd-492b-be01-b3d0835f1763 stopping instance ed66eae8-de10-48ea-5da5-5e55 (STDOUT, CELL)#
#2026 06 08 19:14:04.555#Z#DEBUG#1d9878e4-636e-11f1-a12f-eeee0a99901e.poapp-srv#flowable-async-job-executor-thread-13128#
[PollStartAppStatusExecution] 1d21af92-b55b-4693-9a57-684f3d32d5d6 [2026-06-08T19:13:56.144241] Starting app with guid 1d21af92-b55b-4693-9a57-684f3d32d5d6 (STDOUT, API)#
#2026 06 08 19:14:04.555#Z#DEBUG#1d9878e4-636e-11f1-a12f-eeee0a99901e.poapp-srv#flowable-async-job-executor-thread-13128#
[PollStartAppStatusExecution] 1d21af92-b55b-4693-9a57-684f3d32d5d6 [2026-06-08T19:13:56.548581] Cell c839c7b1-088e-41af-b9b7-66256aacd457 creating container for instance 3d43ce4c-cfb9-430f-7163-6b6d (STDOUT, CELL)#
#2026 06 08 19:14:04.555#Z#DEBUG#1d9878e4-636e-11f1-a12f-eeee0a99901e.poapp-srv#flowable-async-job-executor-thread-13128#
[PollStartAppStatusExecution] 1d21af92-b55b-4693-9a57-684f3d32d5d6 [2026-06-08T19:13:57.569077] Security group rules were updated (STDOUT, CELL)#
#2026 06 08 19:14:04.555#Z#DEBUG#1d9878e4-636e-11f1-a12f-eeee0a99901e.poapp-srv#flowable-async-job-executor-thread-13128#
[PollStartAppStatusExecution] 1d21af92-b55b-4693-9a57-684f3d32d5d6 [2026-06-08T19:13:57.672245] Cell c839c7b1-088e-41af-b9b7-66256aacd457 successfully created container for instance 3d43ce4c-cfb9-430f-7163-6b6d (STDOUT, CELL)#
#2026 06 08 19:14:04.555#Z#DEBUG#1d9878e4-636e-11f1-a12f-eeee0a99901e.poapp-srv#flowable-async-job-executor-thread-13128#
[PollStartAppStatusExecution] 1d21af92-b55b-4693-9a57-684f3d32d5d6 [2026-06-08T19:13:58.676352] Downloading droplet... (STDOUT, CELL)#
#2026 06 08 19:14:14.597#Z#DEBUG#1d9878e4-636e-11f1-a12f-eeee0a99901e.poapp-srv#flowable-async-job-executor-thread-13135#
[PollStartAppStatusExecution] 1d21af92-b55b-4693-9a57-684f3d32d5d6 [2026-06-08T19:14:05.069776] Downloaded droplet (60.2M) (STDOUT, CELL)#
#2026 06 08 19:14:14.597#Z#DEBUG#1d9878e4-636e-11f1-a12f-eeee0a99901e.poapp-srv#flowable-async-job-executor-thread-13135#
[PollStartAppStatusExecution] 1d21af92-b55b-4693-9a57-684f3d32d5d6 [2026-06-08T19:14:05.069911] Starting health monitoring of container (STDOUT, CELL)#
#2026 06 08 19:14:14.597#Z#DEBUG#1d9878e4-636e-11f1-a12f-eeee0a99901e.poapp-srv#flowable-async-job-executor-thread-13135#
[PollStartAppStatusExecution] 1d21af92-b55b-4693-9a57-684f3d32d5d6 [2026-06-08T19:14:05.217677] Invoking pre-start scripts. (STDOUT, APP/PROC/WEB)#
#2026 06 08 19:14:14.597#Z#DEBUG#1d9878e4-636e-11f1-a12f-eeee0a99901e.poapp-srv#flowable-async-job-executor-thread-13135#
[PollStartAppStatusExecution] 1d21af92-b55b-4693-9a57-684f3d32d5d6 [2026-06-08T19:14:05.481109] Invoking start command. (STDOUT, APP/PROC/WEB)#
#2026 06 08 19:14:14.597#Z#DEBUG#1d9878e4-636e-11f1-a12f-eeee0a99901e.poapp-srv#flowable-async-job-executor-thread-13135#
[PollStartAppStatusExecution] 1d21af92-b55b-4693-9a57-684f3d32d5d6 [2026-06-08T19:14:06.024201] > poapp@1.0.0 start (STDOUT, APP/PROC/WEB)#
#2026 06 08 19:14:14.597#Z#DEBUG#1d9878e4-636e-11f1-a12f-eeee0a99901e.poapp-srv#flowable-async-job-executor-thread-13135#
[PollStartAppStatusExecution] 1d21af92-b55b-4693-9a57-684f3d32d5d6 [2026-06-08T19:14:06.024234] > cds-serve (STDOUT, APP/PROC/WEB)#
#2026 06 08 19:14:14.597#Z#DEBUG#1d9878e4-636e-11f1-a12f-eeee0a99901e.poapp-srv#flowable-async-job-executor-thread-13135#
[PollStartAppStatusExecution] 1d21af92-b55b-4693-9a57-684f3d32d5d6 [2026-06-08T19:14:06.390125] {"level":"info","logger":"cds","timestamp":"2026-06-08T19:14:06.388Z","layer":"cds","component_type":"application","container_id":"10.32.2.6","component_id":"1d21af92-b55b-4693-9a57-684f3d32d5d6","component_name":"poapp-srv","component_instance":0,"source_instance":0,"organization_name":"4813756dtrial","organization_id":"7d4df221-b2af-48c0-b133-a5282b0f8bd8","space_name":"dev","space_id":"582d9646-098e-45fd-9876-46d4d4c5357f","msg":"loaded model from 1 file(s):\n ","type":"log"} (STDOUT, APP/PROC/WEB)#
#2026 06 08 19:14:14.597#Z#DEBUG#1d9878e4-636e-11f1-a12f-eeee0a99901e.poapp-srv#flowable-async-job-executor-thread-13135#
[PollStartAppStatusExecution] 1d21af92-b55b-4693-9a57-684f3d32d5d6 [2026-06-08T19:14:06.390558] srv/csn.json (STDOUT, APP/PROC/WEB)#
#2026 06 08 19:14:14.597#Z#DEBUG#1d9878e4-636e-11f1-a12f-eeee0a99901e.poapp-srv#flowable-async-job-executor-thread-13135#
[PollStartAppStatusExecution] 1d21af92-b55b-4693-9a57-684f3d32d5d6 [2026-06-08T19:14:06.672059] {"level":"info","logger":"cds","timestamp":"2026-06-08T19:14:06.671Z","layer":"cds","component_type":"application","container_id":"10.32.2.6","component_id":"1d21af92-b55b-4693-9a57-684f3d32d5d6","component_name":"poapp-srv","component_instance":0,"source_instance":0,"organization_name":"4813756dtrial","organization_id":"7d4df221-b2af-48c0-b133-a5282b0f8bd8","space_name":"dev","space_id":"582d9646-098e-45fd-9876-46d4d4c5357f","msg":"connect to db > hana {\n  database_id: '0a82c820-5643-44cd-8bde-29be936074ef',\n  host: '0a82c820-5643-44cd-8bde-29be936074ef.hna1.prod-us10.hanacloud.ondemand.com',\n  port: '443',\n  driver: 'com.sap.db.jdbc.Driver',\n  url: 'jdbc:sap://0a82c820-5643-44cd-8bde-29be936074ef.hna1.prod-us10.hanacloud.ondemand.com:443?encrypt=true&validateCertificate=true&currentschema=F2C4963DD102431DAA5C5DAD5EAE0387',\n  schema: 'F2C4963DD102431DAA5C5DAD5EAE0387',\n  certificate: '...',\n  hdi_user: 'F2C4963DD102431DAA5C5DAD5EAE0387_96ED29NEZFPE4RIS4CFM6MU2C_DT',\n  hdi_password: '...',\n  user: 'F2C4963DD102431DAA5C5DAD5EAE0387_96ED29NEZFPE4RIS4CFM6MU2C_RT',\n  password: '...'\n}","type":"log"} (STDOUT, APP/PROC/WEB)#
#2026 06 08 19:14:14.597#Z#DEBUG#1d9878e4-636e-11f1-a12f-eeee0a99901e.poapp-srv#flowable-async-job-executor-thread-13135#
[PollStartAppStatusExecution] 1d21af92-b55b-4693-9a57-684f3d32d5d6 [2026-06-08T19:14:06.705669] {"level":"info","logger":"cds","timestamp":"2026-06-08T19:14:06.705Z","layer":"cds","component_type":"application","container_id":"10.32.2.6","component_id":"1d21af92-b55b-4693-9a57-684f3d32d5d6","component_name":"poapp-srv","component_instance":0,"source_instance":0,"organization_name":"4813756dtrial","organization_id":"7d4df221-b2af-48c0-b133-a5282b0f8bd8","space_name":"dev","space_id":"582d9646-098e-45fd-9876-46d4d4c5357f","msg":"using auth strategy { kind: 'xsuaa' }","type":"log"} (STDOUT, APP/PROC/WEB)#
#2026 06 08 19:14:14.597#Z#DEBUG#1d9878e4-636e-11f1-a12f-eeee0a99901e.poapp-srv#flowable-async-job-executor-thread-13135#
[PollStartAppStatusExecution] 1d21af92-b55b-4693-9a57-684f3d32d5d6 [2026-06-08T19:14:06.764507] {"level":"info","logger":"cds","timestamp":"2026-06-08T19:14:06.764Z","layer":"cds","component_type":"application","container_id":"10.32.2.6","component_id":"1d21af92-b55b-4693-9a57-684f3d32d5d6","component_name":"poapp-srv","component_instance":0,"source_instance":0,"organization_name":"4813756dtrial","organization_id":"7d4df221-b2af-48c0-b133-a5282b0f8bd8","space_name":"dev","space_id":"582d9646-098e-45fd-9876-46d4d4c5357f","msg":"serving CatalogService {\n  at: [ '/odata/v4/cat-service' ],\n  decl: 'srv/csn.json:1237',\n  impl: 'srv/cat-service.js'\n}","type":"log"} (STDOUT, APP/PROC/WEB)#
#2026 06 08 19:14:14.597#Z#DEBUG#1d9878e4-636e-11f1-a12f-eeee0a99901e.poapp-srv#flowable-async-job-executor-thread-13135#
[PollStartAppStatusExecution] 1d21af92-b55b-4693-9a57-684f3d32d5d6 [2026-06-08T19:14:06.773084] {"level":"info","logger":"cds","timestamp":"2026-06-08T19:14:06.772Z","layer":"cds","component_type":"application","container_id":"10.32.2.6","component_id":"1d21af92-b55b-4693-9a57-684f3d32d5d6","component_name":"poapp-srv","component_instance":0,"source_instance":0,"organization_name":"4813756dtrial","organization_id":"7d4df221-b2af-48c0-b133-a5282b0f8bd8","space_name":"dev","space_id":"582d9646-098e-45fd-9876-46d4d4c5357f","msg":"server listening on { url: 'http://localhost:8080' }","type":"log"} (STDOUT, APP/PROC/WEB)#
#2026 06 08 19:14:14.597#Z#DEBUG#1d9878e4-636e-11f1-a12f-eeee0a99901e.poapp-srv#flowable-async-job-executor-thread-13135#
[PollStartAppStatusExecution] 1d21af92-b55b-4693-9a57-684f3d32d5d6 [2026-06-08T19:14:06.774608] {"level":"info","logger":"cds","timestamp":"2026-06-08T19:14:06.774Z","layer":"cds","component_type":"application","container_id":"10.32.2.6","component_id":"1d21af92-b55b-4693-9a57-684f3d32d5d6","component_name":"poapp-srv","component_instance":0,"source_instance":0,"organization_name":"4813756dtrial","organization_id":"7d4df221-b2af-48c0-b133-a5282b0f8bd8","space_name":"dev","space_id":"582d9646-098e-45fd-9876-46d4d4c5357f","msg":"server v9.9.1 launched in 738 ms","type":"log"} (STDOUT, APP/PROC/WEB)#
#2026 06 08 19:14:14.597#Z#DEBUG#1d9878e4-636e-11f1-a12f-eeee0a99901e.poapp-srv#flowable-async-job-executor-thread-13135#
[PollStartAppStatusExecution] 1d21af92-b55b-4693-9a57-684f3d32d5d6 [2026-06-08T19:14:08.097460] Container became healthy (STDOUT, CELL)#
#2026 06 08 19:14:14.597#Z#DEBUG#1d9878e4-636e-11f1-a12f-eeee0a99901e.poapp-srv#flowable-async-job-executor-thread-13135#
[PollStartAppStatusExecution] 1d21af92-b55b-4693-9a57-684f3d32d5d6 [2026-06-08T19:14:08.125273] Process became ready with guid 1d21af92-b55b-4693-9a57-684f3d32d5d6 payload: {"instance"=>"3d43ce4c-cfb9-430f-7163-6b6d", "index"=>0, "cell_id"=>"c839c7b1-088e-41af-b9b7-66256aacd457", "ready"=>true, "version"=>"4e52317e-b8e8-4119-9dcf-b7d10cfe2077"} (STDOUT, API)#
