#2026 06 08 19:13:54.485#Z#DEBUG#1d9878e4-636e-11f1-a12f-eeee0a99901e.poapp-db-deployer#flowable-async-job-executor-thread-12537#
[PollExecuteTaskStatusExecution] 209896b1-aaf1-45ff-a8e2-2fcba22e0536 [2026-06-08T19:13:38.306541] Updated app with guid 209896b1-aaf1-45ff-a8e2-2fcba22e0536 ({"lifecycle"=>{"data"=>{"buildpacks"=>["nodejs_buildpack"]}, "type"=>"buildpack"}}) (STDOUT, API)#
#2026 06 08 19:13:54.485#Z#DEBUG#1d9878e4-636e-11f1-a12f-eeee0a99901e.poapp-db-deployer#flowable-async-job-executor-thread-12537#
[PollExecuteTaskStatusExecution] 209896b1-aaf1-45ff-a8e2-2fcba22e0536 [2026-06-08T19:13:38.422873] Updating process: "web" (STDOUT, API)#
#2026 06 08 19:13:54.485#Z#DEBUG#1d9878e4-636e-11f1-a12f-eeee0a99901e.poapp-db-deployer#flowable-async-job-executor-thread-12537#
[PollExecuteTaskStatusExecution] 209896b1-aaf1-45ff-a8e2-2fcba22e0536 [2026-06-08T19:13:41.008452] Cell 77283d80-dfa7-40ba-ba4e-265aef112085 creating container for instance 57f9347c-f0ad-4981-b889-64a319477d2b (STDOUT, CELL)#
#2026 06 08 19:13:54.485#Z#DEBUG#1d9878e4-636e-11f1-a12f-eeee0a99901e.poapp-db-deployer#flowable-async-job-executor-thread-12537#
[PollExecuteTaskStatusExecution] 209896b1-aaf1-45ff-a8e2-2fcba22e0536 [2026-06-08T19:13:42.182825] Security group rules were updated (STDOUT, CELL)#
#2026 06 08 19:13:54.485#Z#DEBUG#1d9878e4-636e-11f1-a12f-eeee0a99901e.poapp-db-deployer#flowable-async-job-executor-thread-12537#
[PollExecuteTaskStatusExecution] 209896b1-aaf1-45ff-a8e2-2fcba22e0536 [2026-06-08T19:13:42.300495] Cell 77283d80-dfa7-40ba-ba4e-265aef112085 successfully created container for instance 57f9347c-f0ad-4981-b889-64a319477d2b (STDOUT, CELL)#
#2026 06 08 19:13:54.485#Z#DEBUG#1d9878e4-636e-11f1-a12f-eeee0a99901e.poapp-db-deployer#flowable-async-job-executor-thread-12537#
[PollExecuteTaskStatusExecution] 209896b1-aaf1-45ff-a8e2-2fcba22e0536 [2026-06-08T19:13:50.622289] Invoking pre-start scripts. (STDOUT, APP/TASK/deploy)#
#2026 06 08 19:13:54.485#Z#DEBUG#1d9878e4-636e-11f1-a12f-eeee0a99901e.poapp-db-deployer#flowable-async-job-executor-thread-12537#
[PollExecuteTaskStatusExecution] 209896b1-aaf1-45ff-a8e2-2fcba22e0536 [2026-06-08T19:13:50.835869] Invoking start command. (STDOUT, APP/TASK/deploy)#
#2026 06 08 19:13:54.485#Z#DEBUG#1d9878e4-636e-11f1-a12f-eeee0a99901e.poapp-db-deployer#flowable-async-job-executor-thread-12537#
[PollExecuteTaskStatusExecution] 209896b1-aaf1-45ff-a8e2-2fcba22e0536 [2026-06-08T19:13:51.346117] > start (STDOUT, APP/TASK/deploy)#
#2026 06 08 19:13:54.485#Z#DEBUG#1d9878e4-636e-11f1-a12f-eeee0a99901e.poapp-db-deployer#flowable-async-job-executor-thread-12537#
[PollExecuteTaskStatusExecution] 209896b1-aaf1-45ff-a8e2-2fcba22e0536 [2026-06-08T19:13:51.346152] > node node_modules/@sap/hdi-deploy/deploy.js --use-hdb --parameter com.sap.hana.di.table/try_fast_table_migration=true (STDOUT, APP/TASK/deploy)#
#2026 06 08 19:13:54.485#Z#DEBUG#1d9878e4-636e-11f1-a12f-eeee0a99901e.poapp-db-deployer#flowable-async-job-executor-thread-12537#
[PollExecuteTaskStatusExecution] 209896b1-aaf1-45ff-a8e2-2fcba22e0536 [2026-06-08T19:13:51.523527] VCAP_SERVICES: (STDOUT, APP/TASK/deploy)#
#2026 06 08 19:13:54.485#Z#DEBUG#1d9878e4-636e-11f1-a12f-eeee0a99901e.poapp-db-deployer#flowable-async-job-executor-thread-12537#
[PollExecuteTaskStatusExecution] 209896b1-aaf1-45ff-a8e2-2fcba22e0536 [2026-06-08T19:13:51.523791] { (STDOUT, APP/TASK/deploy)#
#2026 06 08 19:13:54.485#Z#DEBUG#1d9878e4-636e-11f1-a12f-eeee0a99901e.poapp-db-deployer#flowable-async-job-executor-thread-12537#
[PollExecuteTaskStatusExecution] 209896b1-aaf1-45ff-a8e2-2fcba22e0536 [2026-06-08T19:13:51.523806] "hana": [ (STDOUT, APP/TASK/deploy)#
#2026 06 08 19:13:54.485#Z#DEBUG#1d9878e4-636e-11f1-a12f-eeee0a99901e.poapp-db-deployer#flowable-async-job-executor-thread-12537#
[PollExecuteTaskStatusExecution] 209896b1-aaf1-45ff-a8e2-2fcba22e0536 [2026-06-08T19:13:51.523809] { (STDOUT, APP/TASK/deploy)#
#2026 06 08 19:13:54.485#Z#DEBUG#1d9878e4-636e-11f1-a12f-eeee0a99901e.poapp-db-deployer#flowable-async-job-executor-thread-12537#
[PollExecuteTaskStatusExecution] 209896b1-aaf1-45ff-a8e2-2fcba22e0536 [2026-06-08T19:13:51.523814] "name": "poapp-db", (STDOUT, APP/TASK/deploy)#
#2026 06 08 19:13:54.485#Z#DEBUG#1d9878e4-636e-11f1-a12f-eeee0a99901e.poapp-db-deployer#flowable-async-job-executor-thread-12537#
[PollExecuteTaskStatusExecution] 209896b1-aaf1-45ff-a8e2-2fcba22e0536 [2026-06-08T19:13:51.523817] "label": "hana", (STDOUT, APP/TASK/deploy)#
#2026 06 08 19:13:54.485#Z#DEBUG#1d9878e4-636e-11f1-a12f-eeee0a99901e.poapp-db-deployer#flowable-async-job-executor-thread-12537#
[PollExecuteTaskStatusExecution] 209896b1-aaf1-45ff-a8e2-2fcba22e0536 [2026-06-08T19:13:51.523820] "plan": "hdi-shared", (STDOUT, APP/TASK/deploy)#
#2026 06 08 19:13:54.485#Z#DEBUG#1d9878e4-636e-11f1-a12f-eeee0a99901e.poapp-db-deployer#flowable-async-job-executor-thread-12537#
[PollExecuteTaskStatusExecution] 209896b1-aaf1-45ff-a8e2-2fcba22e0536 [2026-06-08T19:13:51.523822] "credentials": { (STDOUT, APP/TASK/deploy)#
#2026 06 08 19:13:54.485#Z#DEBUG#1d9878e4-636e-11f1-a12f-eeee0a99901e.poapp-db-deployer#flowable-async-job-executor-thread-12537#
[PollExecuteTaskStatusExecution] 209896b1-aaf1-45ff-a8e2-2fcba22e0536 [2026-06-08T19:13:51.523825] "schema": "F2C4963DD102431DAA5C5DAD5EAE0387", (STDOUT, APP/TASK/deploy)#
#2026 06 08 19:13:54.485#Z#DEBUG#1d9878e4-636e-11f1-a12f-eeee0a99901e.poapp-db-deployer#flowable-async-job-executor-thread-12537#
[PollExecuteTaskStatusExecution] 209896b1-aaf1-45ff-a8e2-2fcba22e0536 [2026-06-08T19:13:51.523827] "database_id": "0a82c820-5643-44cd-8bde-29be936074ef", (STDOUT, APP/TASK/deploy)#
#2026 06 08 19:13:54.485#Z#DEBUG#1d9878e4-636e-11f1-a12f-eeee0a99901e.poapp-db-deployer#flowable-async-job-executor-thread-12537#
[PollExecuteTaskStatusExecution] 209896b1-aaf1-45ff-a8e2-2fcba22e0536 [2026-06-08T19:13:51.523835] "user": "F2C4963DD102431DAA5C5DAD5EAE0387_7PAKY324MV445KB4NJTTI7X1E_RT", (STDOUT, APP/TASK/deploy)#
#2026 06 08 19:13:54.485#Z#DEBUG#1d9878e4-636e-11f1-a12f-eeee0a99901e.poapp-db-deployer#flowable-async-job-executor-thread-12537#
[PollExecuteTaskStatusExecution] 209896b1-aaf1-45ff-a8e2-2fcba22e0536 [2026-06-08T19:13:51.523840] "hdi_user": "F2C4963DD102431DAA5C5DAD5EAE0387_7PAKY324MV445KB4NJTTI7X1E_DT" (STDOUT, APP/TASK/deploy)#
#2026 06 08 19:13:54.485#Z#DEBUG#1d9878e4-636e-11f1-a12f-eeee0a99901e.poapp-db-deployer#flowable-async-job-executor-thread-12537#
[PollExecuteTaskStatusExecution] 209896b1-aaf1-45ff-a8e2-2fcba22e0536 [2026-06-08T19:13:51.523843] }, (STDOUT, APP/TASK/deploy)#
#2026 06 08 19:13:54.485#Z#DEBUG#1d9878e4-636e-11f1-a12f-eeee0a99901e.poapp-db-deployer#flowable-async-job-executor-thread-12537#
[PollExecuteTaskStatusExecution] 209896b1-aaf1-45ff-a8e2-2fcba22e0536 [2026-06-08T19:13:51.523845] "tags": [ (STDOUT, APP/TASK/deploy)#
#2026 06 08 19:13:54.485#Z#DEBUG#1d9878e4-636e-11f1-a12f-eeee0a99901e.poapp-db-deployer#flowable-async-job-executor-thread-12537#
[PollExecuteTaskStatusExecution] 209896b1-aaf1-45ff-a8e2-2fcba22e0536 [2026-06-08T19:13:51.523848] "hana", (STDOUT, APP/TASK/deploy)#
#2026 06 08 19:13:54.485#Z#DEBUG#1d9878e4-636e-11f1-a12f-eeee0a99901e.poapp-db-deployer#flowable-async-job-executor-thread-12537#
[PollExecuteTaskStatusExecution] 209896b1-aaf1-45ff-a8e2-2fcba22e0536 [2026-06-08T19:13:51.523850] "database", (STDOUT, APP/TASK/deploy)#
#2026 06 08 19:13:54.485#Z#DEBUG#1d9878e4-636e-11f1-a12f-eeee0a99901e.poapp-db-deployer#flowable-async-job-executor-thread-12537#
[PollExecuteTaskStatusExecution] 209896b1-aaf1-45ff-a8e2-2fcba22e0536 [2026-06-08T19:13:51.523852] "relational" (STDOUT, APP/TASK/deploy)#
#2026 06 08 19:13:54.485#Z#DEBUG#1d9878e4-636e-11f1-a12f-eeee0a99901e.poapp-db-deployer#flowable-async-job-executor-thread-12537#
[PollExecuteTaskStatusExecution] 209896b1-aaf1-45ff-a8e2-2fcba22e0536 [2026-06-08T19:13:51.523858] ] (STDOUT, APP/TASK/deploy)#
#2026 06 08 19:13:54.485#Z#DEBUG#1d9878e4-636e-11f1-a12f-eeee0a99901e.poapp-db-deployer#flowable-async-job-executor-thread-12537#
[PollExecuteTaskStatusExecution] 209896b1-aaf1-45ff-a8e2-2fcba22e0536 [2026-06-08T19:13:51.523860] } (STDOUT, APP/TASK/deploy)#
#2026 06 08 19:13:54.485#Z#DEBUG#1d9878e4-636e-11f1-a12f-eeee0a99901e.poapp-db-deployer#flowable-async-job-executor-thread-12537#
[PollExecuteTaskStatusExecution] 209896b1-aaf1-45ff-a8e2-2fcba22e0536 [2026-06-08T19:13:51.523863] ] (STDOUT, APP/TASK/deploy)#
#2026 06 08 19:13:54.485#Z#DEBUG#1d9878e4-636e-11f1-a12f-eeee0a99901e.poapp-db-deployer#flowable-async-job-executor-thread-12537#
[PollExecuteTaskStatusExecution] 209896b1-aaf1-45ff-a8e2-2fcba22e0536 [2026-06-08T19:13:51.523866] } (STDOUT, APP/TASK/deploy)#
#2026 06 08 19:13:54.485#Z#DEBUG#1d9878e4-636e-11f1-a12f-eeee0a99901e.poapp-db-deployer#flowable-async-job-executor-thread-12537#
[PollExecuteTaskStatusExecution] 209896b1-aaf1-45ff-a8e2-2fcba22e0536 [2026-06-08T19:13:51.940259] @sap/hdi-deploy, version 5.6.1 (mode default), server version 4.00.000.00.1776257624 (4.0.0.0), cloud version 2026.2.10, node version 24.13.0, HDI version 1016, container API version 1007 (STDOUT, APP/TASK/deploy)#
#2026 06 08 19:13:54.485#Z#DEBUG#1d9878e4-636e-11f1-a12f-eeee0a99901e.poapp-db-deployer#flowable-async-job-executor-thread-12537#
[PollExecuteTaskStatusExecution] 209896b1-aaf1-45ff-a8e2-2fcba22e0536 [2026-06-08T19:13:51.940543] Deployment started at 2026-06-08 19:13:51 (STDOUT, APP/TASK/deploy)#
#2026 06 08 19:13:54.485#Z#DEBUG#1d9878e4-636e-11f1-a12f-eeee0a99901e.poapp-db-deployer#flowable-async-job-executor-thread-12537#
[PollExecuteTaskStatusExecution] 209896b1-aaf1-45ff-a8e2-2fcba22e0536 [2026-06-08T19:13:51.940830] Using hdb@2.27.1 for connection (STDOUT, APP/TASK/deploy)#
#2026 06 08 19:13:54.485#Z#DEBUG#1d9878e4-636e-11f1-a12f-eeee0a99901e.poapp-db-deployer#flowable-async-job-executor-thread-12537#
[PollExecuteTaskStatusExecution] 209896b1-aaf1-45ff-a8e2-2fcba22e0536 [2026-06-08T19:13:51.963289] No ignore file at /home/vcap/app/.hdiignore. (STDOUT, APP/TASK/deploy)#
#2026 06 08 19:13:54.485#Z#DEBUG#1d9878e4-636e-11f1-a12f-eeee0a99901e.poapp-db-deployer#flowable-async-job-executor-thread-12537#
[PollExecuteTaskStatusExecution] 209896b1-aaf1-45ff-a8e2-2fcba22e0536 [2026-06-08T19:13:51.963628] Collecting files... (STDOUT, APP/TASK/deploy)#
#2026 06 08 19:13:54.485#Z#DEBUG#1d9878e4-636e-11f1-a12f-eeee0a99901e.poapp-db-deployer#flowable-async-job-executor-thread-12537#
[PollExecuteTaskStatusExecution] 209896b1-aaf1-45ff-a8e2-2fcba22e0536 [2026-06-08T19:13:51.968900] Collecting files... ok (0s 5ms) (STDOUT, APP/TASK/deploy)#
#2026 06 08 19:13:54.485#Z#DEBUG#1d9878e4-636e-11f1-a12f-eeee0a99901e.poapp-db-deployer#flowable-async-job-executor-thread-12537#
[PollExecuteTaskStatusExecution] 209896b1-aaf1-45ff-a8e2-2fcba22e0536 [2026-06-08T19:13:51.969136] 2 directories collected (STDOUT, APP/TASK/deploy)#
#2026 06 08 19:13:54.485#Z#DEBUG#1d9878e4-636e-11f1-a12f-eeee0a99901e.poapp-db-deployer#flowable-async-job-executor-thread-12537#
[PollExecuteTaskStatusExecution] 209896b1-aaf1-45ff-a8e2-2fcba22e0536 [2026-06-08T19:13:51.969226] 28 files collected (STDOUT, APP/TASK/deploy)#
#2026 06 08 19:13:54.485#Z#DEBUG#1d9878e4-636e-11f1-a12f-eeee0a99901e.poapp-db-deployer#flowable-async-job-executor-thread-12537#
[PollExecuteTaskStatusExecution] 209896b1-aaf1-45ff-a8e2-2fcba22e0536 [2026-06-08T19:13:51.969295] 0 reusable modules collected (STDOUT, APP/TASK/deploy)#
#2026 06 08 19:13:54.485#Z#DEBUG#1d9878e4-636e-11f1-a12f-eeee0a99901e.poapp-db-deployer#flowable-async-job-executor-thread-12537#
[PollExecuteTaskStatusExecution] 209896b1-aaf1-45ff-a8e2-2fcba22e0536 [2026-06-08T19:13:51.969406] Target service: poapp-db (STDOUT, APP/TASK/deploy)#
#2026 06 08 19:13:54.485#Z#DEBUG#1d9878e4-636e-11f1-a12f-eeee0a99901e.poapp-db-deployer#flowable-async-job-executor-thread-12537#
[PollExecuteTaskStatusExecution] 209896b1-aaf1-45ff-a8e2-2fcba22e0536 [2026-06-08T19:13:52.132634] Previous build with request ID 178 finished at 2026-06-08T18:56:47.888 with status Rolled back and message: Starting make in the container "F2C4963DD102431DAA5C5DAD5EAE0387" with 0 files to deploy, 0 files to undeploy... ok. (STDOUT, APP/TASK/deploy)#
#2026 06 08 19:13:54.485#Z#DEBUG#1d9878e4-636e-11f1-a12f-eeee0a99901e.poapp-db-deployer#flowable-async-job-executor-thread-12537#
[PollExecuteTaskStatusExecution] 209896b1-aaf1-45ff-a8e2-2fcba22e0536 [2026-06-08T19:13:52.132681] Processing revoke files... (STDOUT, APP/TASK/deploy)#
#2026 06 08 19:13:54.485#Z#DEBUG#1d9878e4-636e-11f1-a12f-eeee0a99901e.poapp-db-deployer#flowable-async-job-executor-thread-12537#
[PollExecuteTaskStatusExecution] 209896b1-aaf1-45ff-a8e2-2fcba22e0536 [2026-06-08T19:13:52.132784] Processing revoke files... ok (0s 0ms) (STDOUT, APP/TASK/deploy)#
#2026 06 08 19:13:54.485#Z#DEBUG#1d9878e4-636e-11f1-a12f-eeee0a99901e.poapp-db-deployer#flowable-async-job-executor-thread-12537#
[PollExecuteTaskStatusExecution] 209896b1-aaf1-45ff-a8e2-2fcba22e0536 [2026-06-08T19:13:52.132913] Processing grants files... (STDOUT, APP/TASK/deploy)#
#2026 06 08 19:13:54.485#Z#DEBUG#1d9878e4-636e-11f1-a12f-eeee0a99901e.poapp-db-deployer#flowable-async-job-executor-thread-12537#
[PollExecuteTaskStatusExecution] 209896b1-aaf1-45ff-a8e2-2fcba22e0536 [2026-06-08T19:13:52.132952] Processing grants files... ok (0s 0ms) (STDOUT, APP/TASK/deploy)#
#2026 06 08 19:13:54.485#Z#DEBUG#1d9878e4-636e-11f1-a12f-eeee0a99901e.poapp-db-deployer#flowable-async-job-executor-thread-12537#
[PollExecuteTaskStatusExecution] 209896b1-aaf1-45ff-a8e2-2fcba22e0536 [2026-06-08T19:13:52.136115] Preprocessing files... (STDOUT, APP/TASK/deploy)#
#2026 06 08 19:13:54.485#Z#DEBUG#1d9878e4-636e-11f1-a12f-eeee0a99901e.poapp-db-deployer#flowable-async-job-executor-thread-12537#
[PollExecuteTaskStatusExecution] 209896b1-aaf1-45ff-a8e2-2fcba22e0536 [2026-06-08T19:13:52.136332] Preprocessing files... ok (0s 0ms) (STDOUT, APP/TASK/deploy)#
#2026 06 08 19:13:54.485#Z#DEBUG#1d9878e4-636e-11f1-a12f-eeee0a99901e.poapp-db-deployer#flowable-async-job-executor-thread-12537#
[PollExecuteTaskStatusExecution] 209896b1-aaf1-45ff-a8e2-2fcba22e0536 [2026-06-08T19:13:52.136396] Connecting to the container "F2C4963DD102431DAA5C5DAD5EAE0387"... (STDOUT, APP/TASK/deploy)#
#2026 06 08 19:13:54.485#Z#DEBUG#1d9878e4-636e-11f1-a12f-eeee0a99901e.poapp-db-deployer#flowable-async-job-executor-thread-12537#
[PollExecuteTaskStatusExecution] 209896b1-aaf1-45ff-a8e2-2fcba22e0536 [2026-06-08T19:13:52.211301] Connecting to the container "F2C4963DD102431DAA5C5DAD5EAE0387"... ok (0s 75ms) (STDOUT, APP/TASK/deploy)#
#2026 06 08 19:13:54.485#Z#DEBUG#1d9878e4-636e-11f1-a12f-eeee0a99901e.poapp-db-deployer#flowable-async-job-executor-thread-12537#
[PollExecuteTaskStatusExecution] 209896b1-aaf1-45ff-a8e2-2fcba22e0536 [2026-06-08T19:13:52.211331] Locking the container "F2C4963DD102431DAA5C5DAD5EAE0387"... (STDOUT, APP/TASK/deploy)#
#2026 06 08 19:13:54.485#Z#DEBUG#1d9878e4-636e-11f1-a12f-eeee0a99901e.poapp-db-deployer#flowable-async-job-executor-thread-12537#
[PollExecuteTaskStatusExecution] 209896b1-aaf1-45ff-a8e2-2fcba22e0536 [2026-06-08T19:13:52.356076] Locking the container "F2C4963DD102431DAA5C5DAD5EAE0387"... ok (0s 145ms) (STDOUT, APP/TASK/deploy)#
#2026 06 08 19:13:54.485#Z#DEBUG#1d9878e4-636e-11f1-a12f-eeee0a99901e.poapp-db-deployer#flowable-async-job-executor-thread-12537#
[PollExecuteTaskStatusExecution] 209896b1-aaf1-45ff-a8e2-2fcba22e0536 [2026-06-08T19:13:52.356105] Synchronizing files with the container "F2C4963DD102431DAA5C5DAD5EAE0387"... (STDOUT, APP/TASK/deploy)#
#2026 06 08 19:13:54.485#Z#DEBUG#1d9878e4-636e-11f1-a12f-eeee0a99901e.poapp-db-deployer#flowable-async-job-executor-thread-12537#
[PollExecuteTaskStatusExecution] 209896b1-aaf1-45ff-a8e2-2fcba22e0536 [2026-06-08T19:13:52.605216] Deleting files... (STDOUT, APP/TASK/deploy)#
#2026 06 08 19:13:54.485#Z#DEBUG#1d9878e4-636e-11f1-a12f-eeee0a99901e.poapp-db-deployer#flowable-async-job-executor-thread-12537#
[PollExecuteTaskStatusExecution] 209896b1-aaf1-45ff-a8e2-2fcba22e0536 [2026-06-08T19:13:52.788994] Deleting files... ok (STDOUT, APP/TASK/deploy)#
#2026 06 08 19:13:54.485#Z#DEBUG#1d9878e4-636e-11f1-a12f-eeee0a99901e.poapp-db-deployer#flowable-async-job-executor-thread-12537#
[PollExecuteTaskStatusExecution] 209896b1-aaf1-45ff-a8e2-2fcba22e0536 [2026-06-08T19:13:52.789026] Writing files... (STDOUT, APP/TASK/deploy)#
#2026 06 08 19:13:54.485#Z#DEBUG#1d9878e4-636e-11f1-a12f-eeee0a99901e.poapp-db-deployer#flowable-async-job-executor-thread-12537#
[PollExecuteTaskStatusExecution] 209896b1-aaf1-45ff-a8e2-2fcba22e0536 [2026-06-08T19:13:52.789114] Writing 2 items (STDOUT, APP/TASK/deploy)#
#2026 06 08 19:13:54.485#Z#DEBUG#1d9878e4-636e-11f1-a12f-eeee0a99901e.poapp-db-deployer#flowable-async-job-executor-thread-12537#
[PollExecuteTaskStatusExecution] 209896b1-aaf1-45ff-a8e2-2fcba22e0536 [2026-06-08T19:13:52.969602] Writing files... ok (STDOUT, APP/TASK/deploy)#
#2026 06 08 19:13:54.485#Z#DEBUG#1d9878e4-636e-11f1-a12f-eeee0a99901e.poapp-db-deployer#flowable-async-job-executor-thread-12537#
[PollExecuteTaskStatusExecution] 209896b1-aaf1-45ff-a8e2-2fcba22e0536 [2026-06-08T19:13:52.969633] Synchronizing files with the container "F2C4963DD102431DAA5C5DAD5EAE0387"... ok (0s 614ms) (STDOUT, APP/TASK/deploy)#
#2026 06 08 19:13:54.485#Z#DEBUG#1d9878e4-636e-11f1-a12f-eeee0a99901e.poapp-db-deployer#flowable-async-job-executor-thread-12537#
[PollExecuteTaskStatusExecution] 209896b1-aaf1-45ff-a8e2-2fcba22e0536 [2026-06-08T19:13:52.970242] added files: [] (STDOUT, APP/TASK/deploy)#
#2026 06 08 19:13:54.485#Z#DEBUG#1d9878e4-636e-11f1-a12f-eeee0a99901e.poapp-db-deployer#flowable-async-job-executor-thread-12537#
[PollExecuteTaskStatusExecution] 209896b1-aaf1-45ff-a8e2-2fcba22e0536 [2026-06-08T19:13:52.970266] modified files: [] (STDOUT, APP/TASK/deploy)#
#2026 06 08 19:13:54.485#Z#DEBUG#1d9878e4-636e-11f1-a12f-eeee0a99901e.poapp-db-deployer#flowable-async-job-executor-thread-12537#
[PollExecuteTaskStatusExecution] 209896b1-aaf1-45ff-a8e2-2fcba22e0536 [2026-06-08T19:13:52.970443] Undeploy allowlist file "undeploy.json" found; deleted files will be filtered by the allowlist (STDOUT, APP/TASK/deploy)#
#2026 06 08 19:13:54.485#Z#DEBUG#1d9878e4-636e-11f1-a12f-eeee0a99901e.poapp-db-deployer#flowable-async-job-executor-thread-12537#
[PollExecuteTaskStatusExecution] 209896b1-aaf1-45ff-a8e2-2fcba22e0536 [2026-06-08T19:13:52.970888] 1 deleted files are scheduled for undeploy before filtering it by undeploy allowlist (STDOUT, APP/TASK/deploy)#
#2026 06 08 19:13:54.485#Z#DEBUG#1d9878e4-636e-11f1-a12f-eeee0a99901e.poapp-db-deployer#flowable-async-job-executor-thread-12537#
[PollExecuteTaskStatusExecution] 209896b1-aaf1-45ff-a8e2-2fcba22e0536 [2026-06-08T19:13:52.970908] deleted files before filtering it by the undeploy allowlist: [ (STDOUT, APP/TASK/deploy)#
#2026 06 08 19:13:54.485#Z#DEBUG#1d9878e4-636e-11f1-a12f-eeee0a99901e.poapp-db-deployer#flowable-async-job-executor-thread-12537#
[PollExecuteTaskStatusExecution] 209896b1-aaf1-45ff-a8e2-2fcba22e0536 [2026-06-08T19:13:52.970910] "src/gen/DRAFT.DraftAdministrativeData.hdbtable" (STDOUT, APP/TASK/deploy)#
#2026 06 08 19:13:54.485#Z#DEBUG#1d9878e4-636e-11f1-a12f-eeee0a99901e.poapp-db-deployer#flowable-async-job-executor-thread-12537#
[PollExecuteTaskStatusExecution] 209896b1-aaf1-45ff-a8e2-2fcba22e0536 [2026-06-08T19:13:52.970912] ] (STDOUT, APP/TASK/deploy)#
#2026 06 08 19:13:54.485#Z#DEBUG#1d9878e4-636e-11f1-a12f-eeee0a99901e.poapp-db-deployer#flowable-async-job-executor-thread-12537#
[PollExecuteTaskStatusExecution] 209896b1-aaf1-45ff-a8e2-2fcba22e0536 [2026-06-08T19:13:52.975741] deleted files: [] (STDOUT, APP/TASK/deploy)#
#2026 06 08 19:13:54.485#Z#DEBUG#1d9878e4-636e-11f1-a12f-eeee0a99901e.poapp-db-deployer#flowable-async-job-executor-thread-12537#
[PollExecuteTaskStatusExecution] 209896b1-aaf1-45ff-a8e2-2fcba22e0536 [2026-06-08T19:13:52.975912] WARNING: deleted files not in undeploy.json: [ (STDOUT, APP/TASK/deploy)#
#2026 06 08 19:13:54.485#Z#DEBUG#1d9878e4-636e-11f1-a12f-eeee0a99901e.poapp-db-deployer#flowable-async-job-executor-thread-12537#
[PollExecuteTaskStatusExecution] 209896b1-aaf1-45ff-a8e2-2fcba22e0536 [2026-06-08T19:13:52.975927] "src/gen/DRAFT.DraftAdministrativeData.hdbtable" (STDOUT, APP/TASK/deploy)#
#2026 06 08 19:13:54.485#Z#DEBUG#1d9878e4-636e-11f1-a12f-eeee0a99901e.poapp-db-deployer#flowable-async-job-executor-thread-12537#
[PollExecuteTaskStatusExecution] 209896b1-aaf1-45ff-a8e2-2fcba22e0536 [2026-06-08T19:13:52.975931] ] (STDOUT, APP/TASK/deploy)#
#2026 06 08 19:13:54.485#Z#DEBUG#1d9878e4-636e-11f1-a12f-eeee0a99901e.poapp-db-deployer#flowable-async-job-executor-thread-12537#
[PollExecuteTaskStatusExecution] 209896b1-aaf1-45ff-a8e2-2fcba22e0536 [2026-06-08T19:13:52.976076] 0 modified or added files are scheduled for deploy based on delta detection (STDOUT, APP/TASK/deploy)#
#2026 06 08 19:13:54.485#Z#DEBUG#1d9878e4-636e-11f1-a12f-eeee0a99901e.poapp-db-deployer#flowable-async-job-executor-thread-12537#
[PollExecuteTaskStatusExecution] 209896b1-aaf1-45ff-a8e2-2fcba22e0536 [2026-06-08T19:13:52.976345] 0 deleted files are scheduled for undeploy based on delta detection (filtered by undeploy allowlist) (STDOUT, APP/TASK/deploy)#
#2026 06 08 19:13:54.485#Z#DEBUG#1d9878e4-636e-11f1-a12f-eeee0a99901e.poapp-db-deployer#flowable-async-job-executor-thread-12537#
[PollExecuteTaskStatusExecution] 209896b1-aaf1-45ff-a8e2-2fcba22e0536 [2026-06-08T19:13:52.976460] 0 files are scheduled for deploy based on explicit specification (STDOUT, APP/TASK/deploy)#
#2026 06 08 19:13:54.485#Z#DEBUG#1d9878e4-636e-11f1-a12f-eeee0a99901e.poapp-db-deployer#flowable-async-job-executor-thread-12537#
[PollExecuteTaskStatusExecution] 209896b1-aaf1-45ff-a8e2-2fcba22e0536 [2026-06-08T19:13:52.976489] 0 files are scheduled for undeploy based on explicit specification (STDOUT, APP/TASK/deploy)#
#2026 06 08 19:13:54.485#Z#DEBUG#1d9878e4-636e-11f1-a12f-eeee0a99901e.poapp-db-deployer#flowable-async-job-executor-thread-12537#
[PollExecuteTaskStatusExecution] 209896b1-aaf1-45ff-a8e2-2fcba22e0536 [2026-06-08T19:13:52.976588] Deploying to the container "F2C4963DD102431DAA5C5DAD5EAE0387"... (STDOUT, APP/TASK/deploy)#
#2026 06 08 19:13:54.485#Z#DEBUG#1d9878e4-636e-11f1-a12f-eeee0a99901e.poapp-db-deployer#flowable-async-job-executor-thread-12537#
[PollExecuteTaskStatusExecution] 209896b1-aaf1-45ff-a8e2-2fcba22e0536 [2026-06-08T19:13:53.310404] Starting make in the container "F2C4963DD102431DAA5C5DAD5EAE0387" with 0 files to deploy, 0 files to undeploy... (STDOUT, APP/TASK/deploy)#
#2026 06 08 19:13:54.485#Z#DEBUG#1d9878e4-636e-11f1-a12f-eeee0a99901e.poapp-db-deployer#flowable-async-job-executor-thread-12537#
[PollExecuteTaskStatusExecution] 209896b1-aaf1-45ff-a8e2-2fcba22e0536 [2026-06-08T19:13:53.310434] Disabling table replication for the container schema "F2C4963DD102431DAA5C5DAD5EAE0387"... (STDOUT, APP/TASK/deploy)#
#2026 06 08 19:13:54.485#Z#DEBUG#1d9878e4-636e-11f1-a12f-eeee0a99901e.poapp-db-deployer#flowable-async-job-executor-thread-12537#
[PollExecuteTaskStatusExecution] 209896b1-aaf1-45ff-a8e2-2fcba22e0536 [2026-06-08T19:13:53.310720] Disabling table replication for the container schema "F2C4963DD102431DAA5C5DAD5EAE0387"... ok (0s 13ms) (STDOUT, APP/TASK/deploy)#
#2026 06 08 19:13:54.485#Z#DEBUG#1d9878e4-636e-11f1-a12f-eeee0a99901e.poapp-db-deployer#flowable-async-job-executor-thread-12537#
[PollExecuteTaskStatusExecution] 209896b1-aaf1-45ff-a8e2-2fcba22e0536 [2026-06-08T19:13:53.310736] Migrating libraries... (STDOUT, APP/TASK/deploy)#
#2026 06 08 19:13:54.485#Z#DEBUG#1d9878e4-636e-11f1-a12f-eeee0a99901e.poapp-db-deployer#flowable-async-job-executor-thread-12537#
[PollExecuteTaskStatusExecution] 209896b1-aaf1-45ff-a8e2-2fcba22e0536 [2026-06-08T19:13:53.310741] Migrating libraries... ok (0s 12ms) (STDOUT, APP/TASK/deploy)#
#2026 06 08 19:13:54.485#Z#DEBUG#1d9878e4-636e-11f1-a12f-eeee0a99901e.poapp-db-deployer#flowable-async-job-executor-thread-12537#
[PollExecuteTaskStatusExecution] 209896b1-aaf1-45ff-a8e2-2fcba22e0536 [2026-06-08T19:13:53.310814] Making... (STDOUT, APP/TASK/deploy)#
#2026 06 08 19:13:54.485#Z#DEBUG#1d9878e4-636e-11f1-a12f-eeee0a99901e.poapp-db-deployer#flowable-async-job-executor-thread-12537#
[PollExecuteTaskStatusExecution] 209896b1-aaf1-45ff-a8e2-2fcba22e0536 [2026-06-08T19:13:53.310848] Preparing... (STDOUT, APP/TASK/deploy)#
#2026 06 08 19:13:54.485#Z#DEBUG#1d9878e4-636e-11f1-a12f-eeee0a99901e.poapp-db-deployer#flowable-async-job-executor-thread-12537#
[PollExecuteTaskStatusExecution] 209896b1-aaf1-45ff-a8e2-2fcba22e0536 [2026-06-08T19:13:53.310919] Preparing... ok (0s 0ms) (STDOUT, APP/TASK/deploy)#
#2026 06 08 19:13:54.485#Z#DEBUG#1d9878e4-636e-11f1-a12f-eeee0a99901e.poapp-db-deployer#flowable-async-job-executor-thread-12537#
[PollExecuteTaskStatusExecution] 209896b1-aaf1-45ff-a8e2-2fcba22e0536 [2026-06-08T19:13:53.311070] Preparing the make transaction... (STDOUT, APP/TASK/deploy)#
#2026 06 08 19:13:54.485#Z#DEBUG#1d9878e4-636e-11f1-a12f-eeee0a99901e.poapp-db-deployer#flowable-async-job-executor-thread-12537#
[PollExecuteTaskStatusExecution] 209896b1-aaf1-45ff-a8e2-2fcba22e0536 [2026-06-08T19:13:53.311286] Preparing the make transaction... ok (0s 13ms) (STDOUT, APP/TASK/deploy)#
#2026 06 08 19:13:54.485#Z#DEBUG#1d9878e4-636e-11f1-a12f-eeee0a99901e.poapp-db-deployer#flowable-async-job-executor-thread-12537#
[PollExecuteTaskStatusExecution] 209896b1-aaf1-45ff-a8e2-2fcba22e0536 [2026-06-08T19:13:53.311304] Calculating dependencies... (STDOUT, APP/TASK/deploy)#
#2026 06 08 19:13:54.485#Z#DEBUG#1d9878e4-636e-11f1-a12f-eeee0a99901e.poapp-db-deployer#flowable-async-job-executor-thread-12537#
[PollExecuteTaskStatusExecution] 209896b1-aaf1-45ff-a8e2-2fcba22e0536 [2026-06-08T19:13:53.311324] Expanding... (STDOUT, APP/TASK/deploy)#
#2026 06 08 19:13:54.485#Z#DEBUG#1d9878e4-636e-11f1-a12f-eeee0a99901e.poapp-db-deployer#flowable-async-job-executor-thread-12537#
[PollExecuteTaskStatusExecution] 209896b1-aaf1-45ff-a8e2-2fcba22e0536 [2026-06-08T19:13:53.311339] Expanding... ok (0s 6ms) (STDOUT, APP/TASK/deploy)#
#2026 06 08 19:13:54.485#Z#DEBUG#1d9878e4-636e-11f1-a12f-eeee0a99901e.poapp-db-deployer#flowable-async-job-executor-thread-12537#
[PollExecuteTaskStatusExecution] 209896b1-aaf1-45ff-a8e2-2fcba22e0536 [2026-06-08T19:13:53.311543] Precompiling... (STDOUT, APP/TASK/deploy)#
#2026 06 08 19:13:54.485#Z#DEBUG#1d9878e4-636e-11f1-a12f-eeee0a99901e.poapp-db-deployer#flowable-async-job-executor-thread-12537#
[PollExecuteTaskStatusExecution] 209896b1-aaf1-45ff-a8e2-2fcba22e0536 [2026-06-08T19:13:53.311558] Precompiling... ok (0s 0ms) (STDOUT, APP/TASK/deploy)#
#2026 06 08 19:13:54.485#Z#DEBUG#1d9878e4-636e-11f1-a12f-eeee0a99901e.poapp-db-deployer#flowable-async-job-executor-thread-12537#
[PollExecuteTaskStatusExecution] 209896b1-aaf1-45ff-a8e2-2fcba22e0536 [2026-06-08T19:13:53.311561] Merging... (STDOUT, APP/TASK/deploy)#
#2026 06 08 19:13:54.485#Z#DEBUG#1d9878e4-636e-11f1-a12f-eeee0a99901e.poapp-db-deployer#flowable-async-job-executor-thread-12537#
[PollExecuteTaskStatusExecution] 209896b1-aaf1-45ff-a8e2-2fcba22e0536 [2026-06-08T19:13:53.311568] Merging... ok (0s 0ms) (STDOUT, APP/TASK/deploy)#
#2026 06 08 19:13:54.485#Z#DEBUG#1d9878e4-636e-11f1-a12f-eeee0a99901e.poapp-db-deployer#flowable-async-job-executor-thread-12537#
[PollExecuteTaskStatusExecution] 209896b1-aaf1-45ff-a8e2-2fcba22e0536 [2026-06-08T19:13:53.311571] Calculating dependencies... ok (0s 6ms) (STDOUT, APP/TASK/deploy)#
#2026 06 08 19:13:54.485#Z#DEBUG#1d9878e4-636e-11f1-a12f-eeee0a99901e.poapp-db-deployer#flowable-async-job-executor-thread-12537#
[PollExecuteTaskStatusExecution] 209896b1-aaf1-45ff-a8e2-2fcba22e0536 [2026-06-08T19:13:53.311573] No make necessary (STDOUT, APP/TASK/deploy)#
#2026 06 08 19:13:54.485#Z#DEBUG#1d9878e4-636e-11f1-a12f-eeee0a99901e.poapp-db-deployer#flowable-async-job-executor-thread-12537#
[PollExecuteTaskStatusExecution] 209896b1-aaf1-45ff-a8e2-2fcba22e0536 [2026-06-08T19:13:53.311575] Making... ok (0s 65ms) (STDOUT, APP/TASK/deploy)#
#2026 06 08 19:13:54.485#Z#DEBUG#1d9878e4-636e-11f1-a12f-eeee0a99901e.poapp-db-deployer#flowable-async-job-executor-thread-12537#
[PollExecuteTaskStatusExecution] 209896b1-aaf1-45ff-a8e2-2fcba22e0536 [2026-06-08T19:13:53.311578] Enabling table replication for the container schema "F2C4963DD102431DAA5C5DAD5EAE0387"... (STDOUT, APP/TASK/deploy)#
#2026 06 08 19:13:54.485#Z#DEBUG#1d9878e4-636e-11f1-a12f-eeee0a99901e.poapp-db-deployer#flowable-async-job-executor-thread-12537#
[PollExecuteTaskStatusExecution] 209896b1-aaf1-45ff-a8e2-2fcba22e0536 [2026-06-08T19:13:53.311581] Enabling table replication for the container schema "F2C4963DD102431DAA5C5DAD5EAE0387"... ok (0s 11ms) (STDOUT, APP/TASK/deploy)#
#2026 06 08 19:13:54.485#Z#DEBUG#1d9878e4-636e-11f1-a12f-eeee0a99901e.poapp-db-deployer#flowable-async-job-executor-thread-12537#
[PollExecuteTaskStatusExecution] 209896b1-aaf1-45ff-a8e2-2fcba22e0536 [2026-06-08T19:13:53.311585] Starting make in the container "F2C4963DD102431DAA5C5DAD5EAE0387" with 0 files to deploy, 0 files to undeploy... ok (0s 112ms) (STDOUT, APP/TASK/deploy)#
#2026 06 08 19:13:54.485#Z#DEBUG#1d9878e4-636e-11f1-a12f-eeee0a99901e.poapp-db-deployer#flowable-async-job-executor-thread-12537#
[PollExecuteTaskStatusExecution] 209896b1-aaf1-45ff-a8e2-2fcba22e0536 [2026-06-08T19:13:53.312040] Deploying to the container "F2C4963DD102431DAA5C5DAD5EAE0387"... ok (0s 335ms) (STDOUT, APP/TASK/deploy)#
#2026 06 08 19:13:54.485#Z#DEBUG#1d9878e4-636e-11f1-a12f-eeee0a99901e.poapp-db-deployer#flowable-async-job-executor-thread-12537#
[PollExecuteTaskStatusExecution] 209896b1-aaf1-45ff-a8e2-2fcba22e0536 [2026-06-08T19:13:53.312313] No default-access-role handling needed; global role "F2C4963DD102431DAA5C5DAD5EAE0387::access_role" will not be adapted (STDOUT, APP/TASK/deploy)#
#2026 06 08 19:13:54.485#Z#DEBUG#1d9878e4-636e-11f1-a12f-eeee0a99901e.poapp-db-deployer#flowable-async-job-executor-thread-12537#
[PollExecuteTaskStatusExecution] 209896b1-aaf1-45ff-a8e2-2fcba22e0536 [2026-06-08T19:13:53.312326] Unlocking the container "F2C4963DD102431DAA5C5DAD5EAE0387"... (STDOUT, APP/TASK/deploy)#
#2026 06 08 19:13:54.485#Z#DEBUG#1d9878e4-636e-11f1-a12f-eeee0a99901e.poapp-db-deployer#flowable-async-job-executor-thread-12537#
[PollExecuteTaskStatusExecution] 209896b1-aaf1-45ff-a8e2-2fcba22e0536 [2026-06-08T19:13:53.312908] Unlocking the container "F2C4963DD102431DAA5C5DAD5EAE0387"... ok (0s 1ms) (STDOUT, APP/TASK/deploy)#
#2026 06 08 19:13:54.485#Z#DEBUG#1d9878e4-636e-11f1-a12f-eeee0a99901e.poapp-db-deployer#flowable-async-job-executor-thread-12537#
[PollExecuteTaskStatusExecution] 209896b1-aaf1-45ff-a8e2-2fcba22e0536 [2026-06-08T19:13:53.313155] Deployment to container F2C4963DD102431DAA5C5DAD5EAE0387 done [Deployment ID: none]. (STDOUT, APP/TASK/deploy)#
#2026 06 08 19:13:54.485#Z#DEBUG#1d9878e4-636e-11f1-a12f-eeee0a99901e.poapp-db-deployer#flowable-async-job-executor-thread-12537#
[PollExecuteTaskStatusExecution] 209896b1-aaf1-45ff-a8e2-2fcba22e0536 [2026-06-08T19:13:53.313776] Deployment ended at 2026-06-08 19:13:53 (STDOUT, APP/TASK/deploy)#
#2026 06 08 19:13:54.485#Z#DEBUG#1d9878e4-636e-11f1-a12f-eeee0a99901e.poapp-db-deployer#flowable-async-job-executor-thread-12537#
[PollExecuteTaskStatusExecution] 209896b1-aaf1-45ff-a8e2-2fcba22e0536 [2026-06-08T19:13:53.314204] (1s 925ms) (STDOUT, APP/TASK/deploy)#
#2026 06 08 19:13:54.485#Z#DEBUG#1d9878e4-636e-11f1-a12f-eeee0a99901e.poapp-db-deployer#flowable-async-job-executor-thread-12537#
[PollExecuteTaskStatusExecution] 209896b1-aaf1-45ff-a8e2-2fcba22e0536 [2026-06-08T19:13:53.331146] npm notice (STDERR, APP/TASK/deploy)#
#2026 06 08 19:13:54.485#Z#DEBUG#1d9878e4-636e-11f1-a12f-eeee0a99901e.poapp-db-deployer#flowable-async-job-executor-thread-12537#
[PollExecuteTaskStatusExecution] 209896b1-aaf1-45ff-a8e2-2fcba22e0536 [2026-06-08T19:13:53.331181] npm notice New minor version of npm available! 11.6.2 -> 11.16.0 (STDERR, APP/TASK/deploy)#
#2026 06 08 19:13:54.485#Z#DEBUG#1d9878e4-636e-11f1-a12f-eeee0a99901e.poapp-db-deployer#flowable-async-job-executor-thread-12537#
[PollExecuteTaskStatusExecution] 209896b1-aaf1-45ff-a8e2-2fcba22e0536 [2026-06-08T19:13:53.331184] npm notice Changelog: https://github.com/npm/cli/releases/tag/v11.16.0 (STDERR, APP/TASK/deploy)#
#2026 06 08 19:13:54.485#Z#DEBUG#1d9878e4-636e-11f1-a12f-eeee0a99901e.poapp-db-deployer#flowable-async-job-executor-thread-12537#
[PollExecuteTaskStatusExecution] 209896b1-aaf1-45ff-a8e2-2fcba22e0536 [2026-06-08T19:13:53.331186] npm notice To update run: npm install -g npm@11.16.0 (STDERR, APP/TASK/deploy)#
#2026 06 08 19:13:54.485#Z#DEBUG#1d9878e4-636e-11f1-a12f-eeee0a99901e.poapp-db-deployer#flowable-async-job-executor-thread-12537#
[PollExecuteTaskStatusExecution] 209896b1-aaf1-45ff-a8e2-2fcba22e0536 [2026-06-08T19:13:53.331190] npm notice (STDERR, APP/TASK/deploy)#
#2026 06 08 19:13:54.485#Z#DEBUG#1d9878e4-636e-11f1-a12f-eeee0a99901e.poapp-db-deployer#flowable-async-job-executor-thread-12537#
[PollExecuteTaskStatusExecution] 209896b1-aaf1-45ff-a8e2-2fcba22e0536 [2026-06-08T19:13:53.405132] Exit status 0 (STDOUT, APP/TASK/deploy)#
#2026 06 08 19:14:04.556#Z#DEBUG#1d9878e4-636e-11f1-a12f-eeee0a99901e.poapp-db-deployer#flowable-async-job-executor-thread-12547#
[PollExecuteTaskStatusExecution] 209896b1-aaf1-45ff-a8e2-2fcba22e0536 [2026-06-08T19:13:55.325090] Cell 77283d80-dfa7-40ba-ba4e-265aef112085 stopping instance 57f9347c-f0ad-4981-b889-64a319477d2b (STDOUT, CELL)#
#2026 06 08 19:14:04.556#Z#DEBUG#1d9878e4-636e-11f1-a12f-eeee0a99901e.poapp-db-deployer#flowable-async-job-executor-thread-12547#
[PollExecuteTaskStatusExecution] 209896b1-aaf1-45ff-a8e2-2fcba22e0536 [2026-06-08T19:13:55.325127] Cell 77283d80-dfa7-40ba-ba4e-265aef112085 destroying container for instance 57f9347c-f0ad-4981-b889-64a319477d2b (STDOUT, CELL)#
#2026 06 08 19:14:04.556#Z#DEBUG#1d9878e4-636e-11f1-a12f-eeee0a99901e.poapp-db-deployer#flowable-async-job-executor-thread-12547#
[PollExecuteTaskStatusExecution] 209896b1-aaf1-45ff-a8e2-2fcba22e0536 [2026-06-08T19:13:58.317975] Cell 77283d80-dfa7-40ba-ba4e-265aef112085 successfully destroyed container for instance 57f9347c-f0ad-4981-b889-64a319477d2b (STDOUT, CELL)#
